Country
AL
AM
AT
AZ
BE
BG
BY
CH
CY
CZ
DE
DK
EA
EE
EF
EL
ES
EU
FI
FR
FX
GE
HR
HU
IE
IS
IT
LI
LT
LU
LV
MD
ME
MK
MT
NL
NO
PL
PT
RO
RS
RU
SE
SI
SK
SM
TR
UA
UK
XK
